failed to open shadow handle for /tmp/shadow.notamountpoint: no such mountpoint
failed to open shadow handle for /tmp: mountpoint is not a shadow mount
