I am a hard link
2
I am a hard link
2

I am a hard link
2
I am a hard link
3

2
2
