
# file: a
# owner: root
# group: root
user::rw-
user:daemon:r--		#effective:r--
group::r--		#effective:r--
mask:r--
other:r--
hello

# file: a
# owner: root
# group: root
user::rw-
user:daemon:r--		#effective:r--
group::r--		#effective:r--
mask:r--
other:r--
hello
