prw-r--r--   1 root     root           0
cr---wx-w-   1 root     root     215,  0
brw-r--r--   1 bin      other    216,  1

prw-r--r--   1 root     root           0
cr---wx-w-   1 root     root     215,  0
brw-r--r--   1 bin      other    216,  1
