            group:other:-------------s:-------:deny
              user:root:-------A---Co-:-------:allow
                 owner@:rw-p--aARWcCos:-------:allow
                 group@:r-----a-R-c--s:-------:allow
              everyone@:r-----a-R-c--s:-------:allow

                 group@:-----D--------:-------:deny
                 owner@:rwxp-DaARWcCos:-------:allow
                 group@:r-x---a-R-c--s:-------:allow
              everyone@:r-x---a-R-c--s:-------:allow

            group:other:-------------s:-------:deny
              user:root:-------A---Co-:-------:allow
                 owner@:rw-p--aARWcCos:-------:allow
                 group@:r-----a-R-c--s:-------:allow
              everyone@:r-----a-R-c--s:-------:allow

                 group@:-----D--------:-------:deny
                 owner@:rwxp-DaARWcCos:-------:allow
                 group@:r-x---a-R-c--s:-------:allow
              everyone@:r-x---a-R-c--s:-------:allow
