this is file a
		{AHRSadim-u--}
this is file b
		{--R---i-----}
		{--------q---}
		{A-----------}

		{AHRSadim-u--}
this is file a
		{AHRSadim-u--}
		{--R---i-----}
this is file b
		{--R---i-----}
		{A-----------}
