HOLE                0  ee6b27ffffe0000
DATA  ee6b27ffffe0000  ee6b28000000005

HOLE                0  ee6b28000000000
DATA  ee6b28000000000  ee6b28000000005
