this is file a
2
this is file a
2
this is file c
2
this is file c
2

this is file a
2
this is file a
3
this is file c
2
this is file c
3
3
