this is file a
this is file b

this is file a
this is file b
