DATA                0            a0000

DATA                0           120000

DATA                0            20000
HOLE            20000            60000
DATA            60000            a0000

HOLE                0            40000
DATA            40000            60000
HOLE            60000            80000
DATA            80000           100000
HOLE           100000           120000
