this is file a
this is file b
THIS IS FILE A
THIS IS FILE B
