DATA                0             2000
HOLE             2000             6000
DATA             6000             a000

HOLE                0             4000
DATA             4000             6000
HOLE             6000             8000
DATA             8000            10000

DATA                0             2000
HOLE             2000             6000
DATA             6000             a000

HOLE                0             4000
DATA             4000             6000
HOLE             6000             8000
DATA             8000            10000
