this is file a
this is file b
this is file c

this is file a
this is file b
this is file c

this is file a
this is file b
this is file c
