this is a root xattr
this is file a
this is a file xattr
bin other
-r---wx-w-
this is another file xattr
this is a directory xattr
this is file b

this is a root xattr
this is file a
this is a file xattr
bin other
-r---wx-w-
this is another file xattr
this is a directory xattr
this is file b
