aaaaaaaaaaaa
bbbbbbbbbbbb

bbbbbbaaaaaa
bbbbbbbbbbbb

bbbbbbaaaaaa
bbbbbbbbbbbb
