lrwxrwxrwx a/b ../nothing
lrwxrwxrwx a/foo bar

lrwxrwxrwx a/b ../nothing
lrwxrwxrwx a/foo bar

lrwxrwxrwx a/b ../nothing
lrwxrwxrwx a/foo bar
