this is file a

this is file a

this is file a
this is file b
