this is file foo
this is file bar

this is file foo
this is file bar

this is file foo
this is file bar
