-r---wx-w-
---srwxr-t
--wSr---wx
-rwsrwsrwt
drwx-w--wx

-r---wx-w-
---srwxr-t
--wSr---wx
-rwsrwsrwt
drwx-w--wx

-r---wx-w-
---srwxr-t
--wSr---wx
-rwsrwsrwt
drwx-w--wx
