.
./a
./a/a
./a/b
./a/b/c
./b
./a/c
./c

.
./a
./a/a
./a/b
./a/b/c
./b
./a/c
./c

.
./a
./a/a
./a/b
./a/b/c
./b
./a/c
./c
