bin other
dladm daemon

bin other
dladm daemon

bin other
dladm daemon
