 1 eins one uno
 2 dos two zwei
 3 drei three tres
 4 four quatro vier
 5 cinco five funf
 6 sechs
 7 sieben
 8 acht
 neun
 zehn
