HOLE                0            20000
DATA            20000            40000
HOLE            40000            60000

DATA                0            40000
HOLE            40000            60000

DATA                0            40000
HOLE            40000            60000
DATA            60000            62000

DATA                0            62000
