R                0            80000
L            20000            40000

R                0            20000
R            40000            80000
