R                0            80000
L            20000            40000

R                0            80000
L            20000            40000
L            60000            80000
